// Jest Snapshot v1, https://goo.gl/fbAQLP

exports[`CustomButton renders correctly 1`] = `
<View
  accessible={true}
  collapsable={false}
  focusable={true}
  onBlur={[Function]}
  onClick={[Function]}
  onFocus={[Function]}
  onResponderGrant={[Function]}
  onResponderMove={[Function]}
  onResponderRelease={[Function]}
  onResponderTerminate={[Function]}
  onResponderTerminationRequest={[Function]}
  onStartShouldSetResponder={[Function]}
  style={
    Object {
      "backgroundColor": "#015D67",
      "borderRadius": 10,
      "marginHorizontal": 50,
      "marginVertical": 20,
      "padding": 13,
    }
  }
  testID="example-button"
>
  <Text
    style={
      Object {
        "color": "#FFF",
        "fontSize": 15,
        "fontWeight": "700",
        "textAlign": "center",
      }
    }
  >
    Test text
  </Text>
</View>
`;
